Analysis & Synthesis report for CSCE611_lab_regfile
Tue Oct 22 16:27:10 2019
Quartus Prime Version 18.1.0 Build 625 09/12/2018 SJ Standard Edition


---------------------
; Table of Contents ;
---------------------
  1. Legal Notice
  2. Analysis & Synthesis Summary
  3. Analysis & Synthesis Settings
  4. Parallel Compilation
  5. Analysis & Synthesis Source Files Read
  6. Analysis & Synthesis Resource Usage Summary
  7. Analysis & Synthesis Resource Utilization by Entity
  8. Logic Cells Representing Combinational Loops
  9. Registers Removed During Synthesis
 10. General Register Statistics
 11. Inverted Register Statistics
 12. Multiplexer Restructuring Statistics (Restructuring Performed)
 13. Port Connectivity Checks: "rpncalc:rpn|alu:ordenador"
 14. Port Connectivity Checks: "rpncalc:rpn|stack:dStack|regfile:stackregs"
 15. Port Connectivity Checks: "rpncalc:rpn|stack:dStack"
 16. Post-Synthesis Netlist Statistics for Top Partition
 17. Elapsed Time Per Partition
 18. Analysis & Synthesis Messages
 19. Analysis & Synthesis Suppressed Messages



----------------
; Legal Notice ;
----------------
Copyright (C) 2018  Intel Corporation. All rights reserved.
Your use of Intel Corporation's design tools, logic functions 
and other software and tools, and its AMPP partner logic 
functions, and any output files from any of the foregoing 
(including device programming or simulation files), and any 
associated documentation or information are expressly subject 
to the terms and conditions of the Intel Program License 
Subscription Agreement, the Intel Quartus Prime License Agreement,
the Intel FPGA IP License Agreement, or other applicable license
agreement, including, without limitation, that your use is for
the sole purpose of programming logic devices manufactured by
Intel and sold by Intel or its authorized distributors.  Please
refer to the applicable agreement for further details.



+--------------------------------------------------------------------------------------+
; Analysis & Synthesis Summary                                                         ;
+------------------------------------+-------------------------------------------------+
; Analysis & Synthesis Status        ; Successful - Tue Oct 22 16:27:10 2019           ;
; Quartus Prime Version              ; 18.1.0 Build 625 09/12/2018 SJ Standard Edition ;
; Revision Name                      ; CSCE611_lab_regfile                             ;
; Top-level Entity Name              ; CSCE611_lab_regfile                             ;
; Family                             ; Cyclone IV E                                    ;
; Total logic elements               ; 1,307                                           ;
;     Total combinational functions  ; 811                                             ;
;     Dedicated logic registers      ; 517                                             ;
; Total registers                    ; 517                                             ;
; Total pins                         ; 108                                             ;
; Total virtual pins                 ; 0                                               ;
; Total memory bits                  ; 0                                               ;
; Embedded Multiplier 9-bit elements ; 0                                               ;
; Total PLLs                         ; 0                                               ;
+------------------------------------+-------------------------------------------------+


+--------------------------------------------------------------------------------------------------------------+
; Analysis & Synthesis Settings                                                                                ;
+------------------------------------------------------------------+---------------------+---------------------+
; Option                                                           ; Setting             ; Default Value       ;
+------------------------------------------------------------------+---------------------+---------------------+
; Device                                                           ; EP4CE115F29C7       ;                     ;
; Top-level entity name                                            ; CSCE611_lab_regfile ; CSCE611_lab_regfile ;
; Family name                                                      ; Cyclone IV E        ; Cyclone V           ;
; Use smart compilation                                            ; Off                 ; Off                 ;
; Enable parallel Assembler and Timing Analyzer during compilation ; On                  ; On                  ;
; Enable compact report table                                      ; Off                 ; Off                 ;
; Restructure Multiplexers                                         ; Auto                ; Auto                ;
; Create Debugging Nodes for IP Cores                              ; Off                 ; Off                 ;
; Preserve fewer node names                                        ; On                  ; On                  ;
; Intel FPGA IP Evaluation Mode                                    ; Enable              ; Enable              ;
; Verilog Version                                                  ; Verilog_2001        ; Verilog_2001        ;
; VHDL Version                                                     ; VHDL_1993           ; VHDL_1993           ;
; State Machine Processing                                         ; Auto                ; Auto                ;
; Safe State Machine                                               ; Off                 ; Off                 ;
; Extract Verilog State Machines                                   ; On                  ; On                  ;
; Extract VHDL State Machines                                      ; On                  ; On                  ;
; Ignore Verilog initial constructs                                ; Off                 ; Off                 ;
; Iteration limit for constant Verilog loops                       ; 5000                ; 5000                ;
; Iteration limit for non-constant Verilog loops                   ; 250                 ; 250                 ;
; Add Pass-Through Logic to Inferred RAMs                          ; On                  ; On                  ;
; Infer RAMs from Raw Logic                                        ; On                  ; On                  ;
; Parallel Synthesis                                               ; On                  ; On                  ;
; DSP Block Balancing                                              ; Auto                ; Auto                ;
; NOT Gate Push-Back                                               ; On                  ; On                  ;
; Power-Up Don't Care                                              ; On                  ; On                  ;
; Remove Redundant Logic Cells                                     ; Off                 ; Off                 ;
; Remove Duplicate Registers                                       ; On                  ; On                  ;
; Ignore CARRY Buffers                                             ; Off                 ; Off                 ;
; Ignore CASCADE Buffers                                           ; Off                 ; Off                 ;
; Ignore GLOBAL Buffers                                            ; Off                 ; Off                 ;
; Ignore ROW GLOBAL Buffers                                        ; Off                 ; Off                 ;
; Ignore LCELL Buffers                                             ; Off                 ; Off                 ;
; Ignore SOFT Buffers                                              ; On                  ; On                  ;
; Limit AHDL Integers to 32 Bits                                   ; Off                 ; Off                 ;
; Optimization Technique                                           ; Balanced            ; Balanced            ;
; Carry Chain Length                                               ; 70                  ; 70                  ;
; Auto Carry Chains                                                ; On                  ; On                  ;
; Auto Open-Drain Pins                                             ; On                  ; On                  ;
; Perform WYSIWYG Primitive Resynthesis                            ; Off                 ; Off                 ;
; Auto ROM Replacement                                             ; On                  ; On                  ;
; Auto RAM Replacement                                             ; On                  ; On                  ;
; Auto DSP Block Replacement                                       ; On                  ; On                  ;
; Auto Shift Register Replacement                                  ; Auto                ; Auto                ;
; Allow Shift Register Merging across Hierarchies                  ; Auto                ; Auto                ;
; Auto Clock Enable Replacement                                    ; On                  ; On                  ;
; Strict RAM Replacement                                           ; Off                 ; Off                 ;
; Allow Synchronous Control Signals                                ; On                  ; On                  ;
; Force Use of Synchronous Clear Signals                           ; Off                 ; Off                 ;
; Auto RAM Block Balancing                                         ; On                  ; On                  ;
; Auto RAM to Logic Cell Conversion                                ; Off                 ; Off                 ;
; Auto Resource Sharing                                            ; Off                 ; Off                 ;
; Allow Any RAM Size For Recognition                               ; Off                 ; Off                 ;
; Allow Any ROM Size For Recognition                               ; Off                 ; Off                 ;
; Allow Any Shift Register Size For Recognition                    ; Off                 ; Off                 ;
; Use LogicLock Constraints during Resource Balancing              ; On                  ; On                  ;
; Ignore translate_off and synthesis_off directives                ; Off                 ; Off                 ;
; Timing-Driven Synthesis                                          ; On                  ; On                  ;
; Report Parameter Settings                                        ; On                  ; On                  ;
; Report Source Assignments                                        ; On                  ; On                  ;
; Report Connectivity Checks                                       ; On                  ; On                  ;
; Ignore Maximum Fan-Out Assignments                               ; Off                 ; Off                 ;
; Synchronization Register Chain Length                            ; 2                   ; 2                   ;
; Power Optimization During Synthesis                              ; Normal compilation  ; Normal compilation  ;
; HDL message level                                                ; Level2              ; Level2              ;
; Suppress Register Optimization Related Messages                  ; Off                 ; Off                 ;
; Number of Removed Registers Reported in Synthesis Report         ; 5000                ; 5000                ;
; Number of Swept Nodes Reported in Synthesis Report               ; 5000                ; 5000                ;
; Number of Inverted Registers Reported in Synthesis Report        ; 100                 ; 100                 ;
; Clock MUX Protection                                             ; On                  ; On                  ;
; Auto Gated Clock Conversion                                      ; Off                 ; Off                 ;
; Block Design Naming                                              ; Auto                ; Auto                ;
; SDC constraint protection                                        ; Off                 ; Off                 ;
; Synthesis Effort                                                 ; Auto                ; Auto                ;
; Shift Register Replacement - Allow Asynchronous Clear Signal     ; On                  ; On                  ;
; Pre-Mapping Resynthesis Optimization                             ; Off                 ; Off                 ;
; Analysis & Synthesis Message Level                               ; Medium              ; Medium              ;
; Disable Register Merging Across Hierarchies                      ; Auto                ; Auto                ;
; Resource Aware Inference For Block RAM                           ; On                  ; On                  ;
+------------------------------------------------------------------+---------------------+---------------------+


+------------------------------------------+
; Parallel Compilation                     ;
+----------------------------+-------------+
; Processors                 ; Number      ;
+----------------------------+-------------+
; Number detected on machine ; 8           ;
; Maximum allowed            ; 4           ;
;                            ;             ;
; Average used               ; 1.00        ;
; Maximum used               ; 4           ;
;                            ;             ;
; Usage by Processor         ; % Time Used ;
;     Processor 1            ; 100.0%      ;
;     Processor 2            ;   0.1%      ;
;     Processor 3            ;   0.0%      ;
;     Processor 4            ;   0.0%      ;
+----------------------------+-------------+


+---------------------------------------------------------------------------------------------------------------------------------------------------------+
; Analysis & Synthesis Source Files Read                                                                                                                  ;
+----------------------------------+-----------------+------------------------------+-----------------------------------------------------------+---------+
; File Name with User-Entered Path ; Used in Netlist ; File Type                    ; File Name with Absolute Path                              ; Library ;
+----------------------------------+-----------------+------------------------------+-----------------------------------------------------------+---------+
; stack.sv                         ; yes             ; User SystemVerilog HDL File  ; /acct/mandapam/csce611/lab_regfile/stack.sv               ;         ;
; alu.sv                           ; yes             ; User SystemVerilog HDL File  ; /acct/mandapam/csce611/lab_regfile/alu.sv                 ;         ;
; hexdriver.sv                     ; yes             ; User SystemVerilog HDL File  ; /acct/mandapam/csce611/lab_regfile/hexdriver.sv           ;         ;
; CSCE611_lab_regfile.sv           ; yes             ; User SystemVerilog HDL File  ; /acct/mandapam/csce611/lab_regfile/CSCE611_lab_regfile.sv ;         ;
; regfile.sv                       ; yes             ; User SystemVerilog HDL File  ; /acct/mandapam/csce611/lab_regfile/regfile.sv             ;         ;
; rpncalc.sv                       ; yes             ; User SystemVerilog HDL File  ; /acct/mandapam/csce611/lab_regfile/rpncalc.sv             ;         ;
+----------------------------------+-----------------+------------------------------+-----------------------------------------------------------+---------+


+--------------------------------------------------------------+
; Analysis & Synthesis Resource Usage Summary                  ;
+---------------------------------------------+----------------+
; Resource                                    ; Usage          ;
+---------------------------------------------+----------------+
; Estimated Total logic elements              ; 1,307          ;
;                                             ;                ;
; Total combinational functions               ; 811            ;
; Logic element usage by number of LUT inputs ;                ;
;     -- 4 input functions                    ; 769            ;
;     -- 3 input functions                    ; 38             ;
;     -- <=2 input functions                  ; 4              ;
;                                             ;                ;
; Logic elements by mode                      ;                ;
;     -- normal mode                          ; 808            ;
;     -- arithmetic mode                      ; 3              ;
;                                             ;                ;
; Total registers                             ; 517            ;
;     -- Dedicated logic registers            ; 517            ;
;     -- I/O registers                        ; 0              ;
;                                             ;                ;
; I/O pins                                    ; 108            ;
;                                             ;                ;
; Embedded Multiplier 9-bit elements          ; 0              ;
;                                             ;                ;
; Maximum fan-out node                        ; CLOCK_50~input ;
; Maximum fan-out                             ; 517            ;
; Total fan-out                               ; 4921           ;
; Average fan-out                             ; 3.19           ;
+---------------------------------------------+----------------+


+----------------------------------------------------------------------------------------------------------------------------------------------------------------------------------------------------------------------------------------------------------------+
; Analysis & Synthesis Resource Utilization by Entity                                                                                                                                                                                                            ;
+------------------------------+---------------------+---------------------------+-------------+--------------+---------+-----------+------+--------------+-----------------------------------------------------------------+---------------------+--------------+
; Compilation Hierarchy Node   ; Combinational ALUTs ; Dedicated Logic Registers ; Memory Bits ; DSP Elements ; DSP 9x9 ; DSP 18x18 ; Pins ; Virtual Pins ; Full Hierarchy Name                                             ; Entity Name         ; Library Name ;
+------------------------------+---------------------+---------------------------+-------------+--------------+---------+-----------+------+--------------+-----------------------------------------------------------------+---------------------+--------------+
; |CSCE611_lab_regfile         ; 811 (2)             ; 517 (0)                   ; 0           ; 0            ; 0       ; 0         ; 108  ; 0            ; |CSCE611_lab_regfile                                            ; CSCE611_lab_regfile ; work         ;
;    |hexdriver:hex0|          ; 7 (7)               ; 0 (0)                     ; 0           ; 0            ; 0       ; 0         ; 0    ; 0            ; |CSCE611_lab_regfile|hexdriver:hex0                             ; hexdriver           ; work         ;
;    |hexdriver:hex1|          ; 7 (7)               ; 0 (0)                     ; 0           ; 0            ; 0       ; 0         ; 0    ; 0            ; |CSCE611_lab_regfile|hexdriver:hex1                             ; hexdriver           ; work         ;
;    |hexdriver:hex2|          ; 7 (7)               ; 0 (0)                     ; 0           ; 0            ; 0       ; 0         ; 0    ; 0            ; |CSCE611_lab_regfile|hexdriver:hex2                             ; hexdriver           ; work         ;
;    |hexdriver:hex3|          ; 7 (7)               ; 0 (0)                     ; 0           ; 0            ; 0       ; 0         ; 0    ; 0            ; |CSCE611_lab_regfile|hexdriver:hex3                             ; hexdriver           ; work         ;
;    |hexdriver:hex4|          ; 7 (7)               ; 0 (0)                     ; 0           ; 0            ; 0       ; 0         ; 0    ; 0            ; |CSCE611_lab_regfile|hexdriver:hex4                             ; hexdriver           ; work         ;
;    |hexdriver:hex5|          ; 7 (7)               ; 0 (0)                     ; 0           ; 0            ; 0       ; 0         ; 0    ; 0            ; |CSCE611_lab_regfile|hexdriver:hex5                             ; hexdriver           ; work         ;
;    |hexdriver:hex6|          ; 7 (7)               ; 0 (0)                     ; 0           ; 0            ; 0       ; 0         ; 0    ; 0            ; |CSCE611_lab_regfile|hexdriver:hex6                             ; hexdriver           ; work         ;
;    |hexdriver:hex7|          ; 7 (7)               ; 0 (0)                     ; 0           ; 0            ; 0       ; 0         ; 0    ; 0            ; |CSCE611_lab_regfile|hexdriver:hex7                             ; hexdriver           ; work         ;
;    |rpncalc:rpn|             ; 753 (23)            ; 517 (0)                   ; 0           ; 0            ; 0       ; 0         ; 0    ; 0            ; |CSCE611_lab_regfile|rpncalc:rpn                                ; rpncalc             ; work         ;
;       |stack:dStack|         ; 730 (12)            ; 517 (5)                   ; 0           ; 0            ; 0       ; 0         ; 0    ; 0            ; |CSCE611_lab_regfile|rpncalc:rpn|stack:dStack                   ; stack               ; work         ;
;          |regfile:stackregs| ; 718 (718)           ; 512 (512)                 ; 0           ; 0            ; 0       ; 0         ; 0    ; 0            ; |CSCE611_lab_regfile|rpncalc:rpn|stack:dStack|regfile:stackregs ; regfile             ; work         ;
+------------------------------+---------------------+---------------------------+-------------+--------------+---------+-----------+------+--------------+-----------------------------------------------------------------+---------------------+--------------+
Note: For table entries with two numbers listed, the numbers in parentheses indicate the number of resources of the given type used by the specific entity alone. The numbers listed outside of parentheses indicate the total resources of the given type used by the specific entity and all of its sub-entities in the hierarchy.


+-------------------------------------------------------------+
; Logic Cells Representing Combinational Loops                ;
+--------------------------------------------------------+----+
; Logic Cell Name                                        ;    ;
+--------------------------------------------------------+----+
; rpncalc:rpn|dat[0]~3                                   ;    ;
; rpncalc:rpn|dat[1]~2                                   ;    ;
; rpncalc:rpn|dat[2]~1                                   ;    ;
; rpncalc:rpn|dat[3]~0                                   ;    ;
; rpncalc:rpn|dat[4]~7                                   ;    ;
; rpncalc:rpn|dat[5]~6                                   ;    ;
; rpncalc:rpn|dat[6]~5                                   ;    ;
; rpncalc:rpn|dat[7]~4                                   ;    ;
; rpncalc:rpn|dat[8]~11                                  ;    ;
; rpncalc:rpn|dat[9]~10                                  ;    ;
; rpncalc:rpn|dat[10]~9                                  ;    ;
; rpncalc:rpn|dat[11]~8                                  ;    ;
; rpncalc:rpn|dat[12]~15                                 ;    ;
; rpncalc:rpn|dat[13]~14                                 ;    ;
; rpncalc:rpn|dat[14]~13                                 ;    ;
; rpncalc:rpn|dat[15]~12                                 ;    ;
; Number of logic cells representing combinational loops ; 16 ;
+--------------------------------------------------------+----+
Note: All cells listed above may not be present at the end of synthesis due to various synthesis optimizations.


+-----------------------------------------------------------------------------+
; Registers Removed During Synthesis                                          ;
+--------------------------------------------------------+--------------------+
; Register name                                          ; Reason for Removal ;
+--------------------------------------------------------+--------------------+
; rpncalc:rpn|stack:dStack|regfile:stackregs|mem[0][16]  ; Lost fanout        ;
; rpncalc:rpn|stack:dStack|regfile:stackregs|mem[0][17]  ; Lost fanout        ;
; rpncalc:rpn|stack:dStack|regfile:stackregs|mem[0][18]  ; Lost fanout        ;
; rpncalc:rpn|stack:dStack|regfile:stackregs|mem[0][19]  ; Lost fanout        ;
; rpncalc:rpn|stack:dStack|regfile:stackregs|mem[0][20]  ; Lost fanout        ;
; rpncalc:rpn|stack:dStack|regfile:stackregs|mem[0][21]  ; Lost fanout        ;
; rpncalc:rpn|stack:dStack|regfile:stackregs|mem[0][22]  ; Lost fanout        ;
; rpncalc:rpn|stack:dStack|regfile:stackregs|mem[0][23]  ; Lost fanout        ;
; rpncalc:rpn|stack:dStack|regfile:stackregs|mem[0][24]  ; Lost fanout        ;
; rpncalc:rpn|stack:dStack|regfile:stackregs|mem[0][25]  ; Lost fanout        ;
; rpncalc:rpn|stack:dStack|regfile:stackregs|mem[0][26]  ; Lost fanout        ;
; rpncalc:rpn|stack:dStack|regfile:stackregs|mem[0][27]  ; Lost fanout        ;
; rpncalc:rpn|stack:dStack|regfile:stackregs|mem[0][28]  ; Lost fanout        ;
; rpncalc:rpn|stack:dStack|regfile:stackregs|mem[0][29]  ; Lost fanout        ;
; rpncalc:rpn|stack:dStack|regfile:stackregs|mem[0][30]  ; Lost fanout        ;
; rpncalc:rpn|stack:dStack|regfile:stackregs|mem[0][31]  ; Lost fanout        ;
; rpncalc:rpn|stack:dStack|regfile:stackregs|mem[1][16]  ; Lost fanout        ;
; rpncalc:rpn|stack:dStack|regfile:stackregs|mem[1][17]  ; Lost fanout        ;
; rpncalc:rpn|stack:dStack|regfile:stackregs|mem[1][18]  ; Lost fanout        ;
; rpncalc:rpn|stack:dStack|regfile:stackregs|mem[1][19]  ; Lost fanout        ;
; rpncalc:rpn|stack:dStack|regfile:stackregs|mem[1][20]  ; Lost fanout        ;
; rpncalc:rpn|stack:dStack|regfile:stackregs|mem[1][21]  ; Lost fanout        ;
; rpncalc:rpn|stack:dStack|regfile:stackregs|mem[1][22]  ; Lost fanout        ;
; rpncalc:rpn|stack:dStack|regfile:stackregs|mem[1][23]  ; Lost fanout        ;
; rpncalc:rpn|stack:dStack|regfile:stackregs|mem[1][24]  ; Lost fanout        ;
; rpncalc:rpn|stack:dStack|regfile:stackregs|mem[1][25]  ; Lost fanout        ;
; rpncalc:rpn|stack:dStack|regfile:stackregs|mem[1][26]  ; Lost fanout        ;
; rpncalc:rpn|stack:dStack|regfile:stackregs|mem[1][27]  ; Lost fanout        ;
; rpncalc:rpn|stack:dStack|regfile:stackregs|mem[1][28]  ; Lost fanout        ;
; rpncalc:rpn|stack:dStack|regfile:stackregs|mem[1][29]  ; Lost fanout        ;
; rpncalc:rpn|stack:dStack|regfile:stackregs|mem[1][30]  ; Lost fanout        ;
; rpncalc:rpn|stack:dStack|regfile:stackregs|mem[1][31]  ; Lost fanout        ;
; rpncalc:rpn|stack:dStack|regfile:stackregs|mem[2][16]  ; Lost fanout        ;
; rpncalc:rpn|stack:dStack|regfile:stackregs|mem[2][17]  ; Lost fanout        ;
; rpncalc:rpn|stack:dStack|regfile:stackregs|mem[2][18]  ; Lost fanout        ;
; rpncalc:rpn|stack:dStack|regfile:stackregs|mem[2][19]  ; Lost fanout        ;
; rpncalc:rpn|stack:dStack|regfile:stackregs|mem[2][20]  ; Lost fanout        ;
; rpncalc:rpn|stack:dStack|regfile:stackregs|mem[2][21]  ; Lost fanout        ;
; rpncalc:rpn|stack:dStack|regfile:stackregs|mem[2][22]  ; Lost fanout        ;
; rpncalc:rpn|stack:dStack|regfile:stackregs|mem[2][23]  ; Lost fanout        ;
; rpncalc:rpn|stack:dStack|regfile:stackregs|mem[2][24]  ; Lost fanout        ;
; rpncalc:rpn|stack:dStack|regfile:stackregs|mem[2][25]  ; Lost fanout        ;
; rpncalc:rpn|stack:dStack|regfile:stackregs|mem[2][26]  ; Lost fanout        ;
; rpncalc:rpn|stack:dStack|regfile:stackregs|mem[2][27]  ; Lost fanout        ;
; rpncalc:rpn|stack:dStack|regfile:stackregs|mem[2][28]  ; Lost fanout        ;
; rpncalc:rpn|stack:dStack|regfile:stackregs|mem[2][29]  ; Lost fanout        ;
; rpncalc:rpn|stack:dStack|regfile:stackregs|mem[2][30]  ; Lost fanout        ;
; rpncalc:rpn|stack:dStack|regfile:stackregs|mem[2][31]  ; Lost fanout        ;
; rpncalc:rpn|stack:dStack|regfile:stackregs|mem[3][16]  ; Lost fanout        ;
; rpncalc:rpn|stack:dStack|regfile:stackregs|mem[3][17]  ; Lost fanout        ;
; rpncalc:rpn|stack:dStack|regfile:stackregs|mem[3][18]  ; Lost fanout        ;
; rpncalc:rpn|stack:dStack|regfile:stackregs|mem[3][19]  ; Lost fanout        ;
; rpncalc:rpn|stack:dStack|regfile:stackregs|mem[3][20]  ; Lost fanout        ;
; rpncalc:rpn|stack:dStack|regfile:stackregs|mem[3][21]  ; Lost fanout        ;
; rpncalc:rpn|stack:dStack|regfile:stackregs|mem[3][22]  ; Lost fanout        ;
; rpncalc:rpn|stack:dStack|regfile:stackregs|mem[3][23]  ; Lost fanout        ;
; rpncalc:rpn|stack:dStack|regfile:stackregs|mem[3][24]  ; Lost fanout        ;
; rpncalc:rpn|stack:dStack|regfile:stackregs|mem[3][25]  ; Lost fanout        ;
; rpncalc:rpn|stack:dStack|regfile:stackregs|mem[3][26]  ; Lost fanout        ;
; rpncalc:rpn|stack:dStack|regfile:stackregs|mem[3][27]  ; Lost fanout        ;
; rpncalc:rpn|stack:dStack|regfile:stackregs|mem[3][28]  ; Lost fanout        ;
; rpncalc:rpn|stack:dStack|regfile:stackregs|mem[3][29]  ; Lost fanout        ;
; rpncalc:rpn|stack:dStack|regfile:stackregs|mem[3][30]  ; Lost fanout        ;
; rpncalc:rpn|stack:dStack|regfile:stackregs|mem[3][31]  ; Lost fanout        ;
; rpncalc:rpn|stack:dStack|regfile:stackregs|mem[4][16]  ; Lost fanout        ;
; rpncalc:rpn|stack:dStack|regfile:stackregs|mem[4][17]  ; Lost fanout        ;
; rpncalc:rpn|stack:dStack|regfile:stackregs|mem[4][18]  ; Lost fanout        ;
; rpncalc:rpn|stack:dStack|regfile:stackregs|mem[4][19]  ; Lost fanout        ;
; rpncalc:rpn|stack:dStack|regfile:stackregs|mem[4][20]  ; Lost fanout        ;
; rpncalc:rpn|stack:dStack|regfile:stackregs|mem[4][21]  ; Lost fanout        ;
; rpncalc:rpn|stack:dStack|regfile:stackregs|mem[4][22]  ; Lost fanout        ;
; rpncalc:rpn|stack:dStack|regfile:stackregs|mem[4][23]  ; Lost fanout        ;
; rpncalc:rpn|stack:dStack|regfile:stackregs|mem[4][24]  ; Lost fanout        ;
; rpncalc:rpn|stack:dStack|regfile:stackregs|mem[4][25]  ; Lost fanout        ;
; rpncalc:rpn|stack:dStack|regfile:stackregs|mem[4][26]  ; Lost fanout        ;
; rpncalc:rpn|stack:dStack|regfile:stackregs|mem[4][27]  ; Lost fanout        ;
; rpncalc:rpn|stack:dStack|regfile:stackregs|mem[4][28]  ; Lost fanout        ;
; rpncalc:rpn|stack:dStack|regfile:stackregs|mem[4][29]  ; Lost fanout        ;
; rpncalc:rpn|stack:dStack|regfile:stackregs|mem[4][30]  ; Lost fanout        ;
; rpncalc:rpn|stack:dStack|regfile:stackregs|mem[4][31]  ; Lost fanout        ;
; rpncalc:rpn|stack:dStack|regfile:stackregs|mem[5][16]  ; Lost fanout        ;
; rpncalc:rpn|stack:dStack|regfile:stackregs|mem[5][17]  ; Lost fanout        ;
; rpncalc:rpn|stack:dStack|regfile:stackregs|mem[5][18]  ; Lost fanout        ;
; rpncalc:rpn|stack:dStack|regfile:stackregs|mem[5][19]  ; Lost fanout        ;
; rpncalc:rpn|stack:dStack|regfile:stackregs|mem[5][20]  ; Lost fanout        ;
; rpncalc:rpn|stack:dStack|regfile:stackregs|mem[5][21]  ; Lost fanout        ;
; rpncalc:rpn|stack:dStack|regfile:stackregs|mem[5][22]  ; Lost fanout        ;
; rpncalc:rpn|stack:dStack|regfile:stackregs|mem[5][23]  ; Lost fanout        ;
; rpncalc:rpn|stack:dStack|regfile:stackregs|mem[5][24]  ; Lost fanout        ;
; rpncalc:rpn|stack:dStack|regfile:stackregs|mem[5][25]  ; Lost fanout        ;
; rpncalc:rpn|stack:dStack|regfile:stackregs|mem[5][26]  ; Lost fanout        ;
; rpncalc:rpn|stack:dStack|regfile:stackregs|mem[5][27]  ; Lost fanout        ;
; rpncalc:rpn|stack:dStack|regfile:stackregs|mem[5][28]  ; Lost fanout        ;
; rpncalc:rpn|stack:dStack|regfile:stackregs|mem[5][29]  ; Lost fanout        ;
; rpncalc:rpn|stack:dStack|regfile:stackregs|mem[5][30]  ; Lost fanout        ;
; rpncalc:rpn|stack:dStack|regfile:stackregs|mem[5][31]  ; Lost fanout        ;
; rpncalc:rpn|stack:dStack|regfile:stackregs|mem[6][16]  ; Lost fanout        ;
; rpncalc:rpn|stack:dStack|regfile:stackregs|mem[6][17]  ; Lost fanout        ;
; rpncalc:rpn|stack:dStack|regfile:stackregs|mem[6][18]  ; Lost fanout        ;
; rpncalc:rpn|stack:dStack|regfile:stackregs|mem[6][19]  ; Lost fanout        ;
; rpncalc:rpn|stack:dStack|regfile:stackregs|mem[6][20]  ; Lost fanout        ;
; rpncalc:rpn|stack:dStack|regfile:stackregs|mem[6][21]  ; Lost fanout        ;
; rpncalc:rpn|stack:dStack|regfile:stackregs|mem[6][22]  ; Lost fanout        ;
; rpncalc:rpn|stack:dStack|regfile:stackregs|mem[6][23]  ; Lost fanout        ;
; rpncalc:rpn|stack:dStack|regfile:stackregs|mem[6][24]  ; Lost fanout        ;
; rpncalc:rpn|stack:dStack|regfile:stackregs|mem[6][25]  ; Lost fanout        ;
; rpncalc:rpn|stack:dStack|regfile:stackregs|mem[6][26]  ; Lost fanout        ;
; rpncalc:rpn|stack:dStack|regfile:stackregs|mem[6][27]  ; Lost fanout        ;
; rpncalc:rpn|stack:dStack|regfile:stackregs|mem[6][28]  ; Lost fanout        ;
; rpncalc:rpn|stack:dStack|regfile:stackregs|mem[6][29]  ; Lost fanout        ;
; rpncalc:rpn|stack:dStack|regfile:stackregs|mem[6][30]  ; Lost fanout        ;
; rpncalc:rpn|stack:dStack|regfile:stackregs|mem[6][31]  ; Lost fanout        ;
; rpncalc:rpn|stack:dStack|regfile:stackregs|mem[7][16]  ; Lost fanout        ;
; rpncalc:rpn|stack:dStack|regfile:stackregs|mem[7][17]  ; Lost fanout        ;
; rpncalc:rpn|stack:dStack|regfile:stackregs|mem[7][18]  ; Lost fanout        ;
; rpncalc:rpn|stack:dStack|regfile:stackregs|mem[7][19]  ; Lost fanout        ;
; rpncalc:rpn|stack:dStack|regfile:stackregs|mem[7][20]  ; Lost fanout        ;
; rpncalc:rpn|stack:dStack|regfile:stackregs|mem[7][21]  ; Lost fanout        ;
; rpncalc:rpn|stack:dStack|regfile:stackregs|mem[7][22]  ; Lost fanout        ;
; rpncalc:rpn|stack:dStack|regfile:stackregs|mem[7][23]  ; Lost fanout        ;
; rpncalc:rpn|stack:dStack|regfile:stackregs|mem[7][24]  ; Lost fanout        ;
; rpncalc:rpn|stack:dStack|regfile:stackregs|mem[7][25]  ; Lost fanout        ;
; rpncalc:rpn|stack:dStack|regfile:stackregs|mem[7][26]  ; Lost fanout        ;
; rpncalc:rpn|stack:dStack|regfile:stackregs|mem[7][27]  ; Lost fanout        ;
; rpncalc:rpn|stack:dStack|regfile:stackregs|mem[7][28]  ; Lost fanout        ;
; rpncalc:rpn|stack:dStack|regfile:stackregs|mem[7][29]  ; Lost fanout        ;
; rpncalc:rpn|stack:dStack|regfile:stackregs|mem[7][30]  ; Lost fanout        ;
; rpncalc:rpn|stack:dStack|regfile:stackregs|mem[7][31]  ; Lost fanout        ;
; rpncalc:rpn|stack:dStack|regfile:stackregs|mem[8][16]  ; Lost fanout        ;
; rpncalc:rpn|stack:dStack|regfile:stackregs|mem[8][17]  ; Lost fanout        ;
; rpncalc:rpn|stack:dStack|regfile:stackregs|mem[8][18]  ; Lost fanout        ;
; rpncalc:rpn|stack:dStack|regfile:stackregs|mem[8][19]  ; Lost fanout        ;
; rpncalc:rpn|stack:dStack|regfile:stackregs|mem[8][20]  ; Lost fanout        ;
; rpncalc:rpn|stack:dStack|regfile:stackregs|mem[8][21]  ; Lost fanout        ;
; rpncalc:rpn|stack:dStack|regfile:stackregs|mem[8][22]  ; Lost fanout        ;
; rpncalc:rpn|stack:dStack|regfile:stackregs|mem[8][23]  ; Lost fanout        ;
; rpncalc:rpn|stack:dStack|regfile:stackregs|mem[8][24]  ; Lost fanout        ;
; rpncalc:rpn|stack:dStack|regfile:stackregs|mem[8][25]  ; Lost fanout        ;
; rpncalc:rpn|stack:dStack|regfile:stackregs|mem[8][26]  ; Lost fanout        ;
; rpncalc:rpn|stack:dStack|regfile:stackregs|mem[8][27]  ; Lost fanout        ;
; rpncalc:rpn|stack:dStack|regfile:stackregs|mem[8][28]  ; Lost fanout        ;
; rpncalc:rpn|stack:dStack|regfile:stackregs|mem[8][29]  ; Lost fanout        ;
; rpncalc:rpn|stack:dStack|regfile:stackregs|mem[8][30]  ; Lost fanout        ;
; rpncalc:rpn|stack:dStack|regfile:stackregs|mem[8][31]  ; Lost fanout        ;
; rpncalc:rpn|stack:dStack|regfile:stackregs|mem[9][16]  ; Lost fanout        ;
; rpncalc:rpn|stack:dStack|regfile:stackregs|mem[9][17]  ; Lost fanout        ;
; rpncalc:rpn|stack:dStack|regfile:stackregs|mem[9][18]  ; Lost fanout        ;
; rpncalc:rpn|stack:dStack|regfile:stackregs|mem[9][19]  ; Lost fanout        ;
; rpncalc:rpn|stack:dStack|regfile:stackregs|mem[9][20]  ; Lost fanout        ;
; rpncalc:rpn|stack:dStack|regfile:stackregs|mem[9][21]  ; Lost fanout        ;
; rpncalc:rpn|stack:dStack|regfile:stackregs|mem[9][22]  ; Lost fanout        ;
; rpncalc:rpn|stack:dStack|regfile:stackregs|mem[9][23]  ; Lost fanout        ;
; rpncalc:rpn|stack:dStack|regfile:stackregs|mem[9][24]  ; Lost fanout        ;
; rpncalc:rpn|stack:dStack|regfile:stackregs|mem[9][25]  ; Lost fanout        ;
; rpncalc:rpn|stack:dStack|regfile:stackregs|mem[9][26]  ; Lost fanout        ;
; rpncalc:rpn|stack:dStack|regfile:stackregs|mem[9][27]  ; Lost fanout        ;
; rpncalc:rpn|stack:dStack|regfile:stackregs|mem[9][28]  ; Lost fanout        ;
; rpncalc:rpn|stack:dStack|regfile:stackregs|mem[9][29]  ; Lost fanout        ;
; rpncalc:rpn|stack:dStack|regfile:stackregs|mem[9][30]  ; Lost fanout        ;
; rpncalc:rpn|stack:dStack|regfile:stackregs|mem[9][31]  ; Lost fanout        ;
; rpncalc:rpn|stack:dStack|regfile:stackregs|mem[10][16] ; Lost fanout        ;
; rpncalc:rpn|stack:dStack|regfile:stackregs|mem[10][17] ; Lost fanout        ;
; rpncalc:rpn|stack:dStack|regfile:stackregs|mem[10][18] ; Lost fanout        ;
; rpncalc:rpn|stack:dStack|regfile:stackregs|mem[10][19] ; Lost fanout        ;
; rpncalc:rpn|stack:dStack|regfile:stackregs|mem[10][20] ; Lost fanout        ;
; rpncalc:rpn|stack:dStack|regfile:stackregs|mem[10][21] ; Lost fanout        ;
; rpncalc:rpn|stack:dStack|regfile:stackregs|mem[10][22] ; Lost fanout        ;
; rpncalc:rpn|stack:dStack|regfile:stackregs|mem[10][23] ; Lost fanout        ;
; rpncalc:rpn|stack:dStack|regfile:stackregs|mem[10][24] ; Lost fanout        ;
; rpncalc:rpn|stack:dStack|regfile:stackregs|mem[10][25] ; Lost fanout        ;
; rpncalc:rpn|stack:dStack|regfile:stackregs|mem[10][26] ; Lost fanout        ;
; rpncalc:rpn|stack:dStack|regfile:stackregs|mem[10][27] ; Lost fanout        ;
; rpncalc:rpn|stack:dStack|regfile:stackregs|mem[10][28] ; Lost fanout        ;
; rpncalc:rpn|stack:dStack|regfile:stackregs|mem[10][29] ; Lost fanout        ;
; rpncalc:rpn|stack:dStack|regfile:stackregs|mem[10][30] ; Lost fanout        ;
; rpncalc:rpn|stack:dStack|regfile:stackregs|mem[10][31] ; Lost fanout        ;
; rpncalc:rpn|stack:dStack|regfile:stackregs|mem[11][16] ; Lost fanout        ;
; rpncalc:rpn|stack:dStack|regfile:stackregs|mem[11][17] ; Lost fanout        ;
; rpncalc:rpn|stack:dStack|regfile:stackregs|mem[11][18] ; Lost fanout        ;
; rpncalc:rpn|stack:dStack|regfile:stackregs|mem[11][19] ; Lost fanout        ;
; rpncalc:rpn|stack:dStack|regfile:stackregs|mem[11][20] ; Lost fanout        ;
; rpncalc:rpn|stack:dStack|regfile:stackregs|mem[11][21] ; Lost fanout        ;
; rpncalc:rpn|stack:dStack|regfile:stackregs|mem[11][22] ; Lost fanout        ;
; rpncalc:rpn|stack:dStack|regfile:stackregs|mem[11][23] ; Lost fanout        ;
; rpncalc:rpn|stack:dStack|regfile:stackregs|mem[11][24] ; Lost fanout        ;
; rpncalc:rpn|stack:dStack|regfile:stackregs|mem[11][25] ; Lost fanout        ;
; rpncalc:rpn|stack:dStack|regfile:stackregs|mem[11][26] ; Lost fanout        ;
; rpncalc:rpn|stack:dStack|regfile:stackregs|mem[11][27] ; Lost fanout        ;
; rpncalc:rpn|stack:dStack|regfile:stackregs|mem[11][28] ; Lost fanout        ;
; rpncalc:rpn|stack:dStack|regfile:stackregs|mem[11][29] ; Lost fanout        ;
; rpncalc:rpn|stack:dStack|regfile:stackregs|mem[11][30] ; Lost fanout        ;
; rpncalc:rpn|stack:dStack|regfile:stackregs|mem[11][31] ; Lost fanout        ;
; rpncalc:rpn|stack:dStack|regfile:stackregs|mem[12][16] ; Lost fanout        ;
; rpncalc:rpn|stack:dStack|regfile:stackregs|mem[12][17] ; Lost fanout        ;
; rpncalc:rpn|stack:dStack|regfile:stackregs|mem[12][18] ; Lost fanout        ;
; rpncalc:rpn|stack:dStack|regfile:stackregs|mem[12][19] ; Lost fanout        ;
; rpncalc:rpn|stack:dStack|regfile:stackregs|mem[12][20] ; Lost fanout        ;
; rpncalc:rpn|stack:dStack|regfile:stackregs|mem[12][21] ; Lost fanout        ;
; rpncalc:rpn|stack:dStack|regfile:stackregs|mem[12][22] ; Lost fanout        ;
; rpncalc:rpn|stack:dStack|regfile:stackregs|mem[12][23] ; Lost fanout        ;
; rpncalc:rpn|stack:dStack|regfile:stackregs|mem[12][24] ; Lost fanout        ;
; rpncalc:rpn|stack:dStack|regfile:stackregs|mem[12][25] ; Lost fanout        ;
; rpncalc:rpn|stack:dStack|regfile:stackregs|mem[12][26] ; Lost fanout        ;
; rpncalc:rpn|stack:dStack|regfile:stackregs|mem[12][27] ; Lost fanout        ;
; rpncalc:rpn|stack:dStack|regfile:stackregs|mem[12][28] ; Lost fanout        ;
; rpncalc:rpn|stack:dStack|regfile:stackregs|mem[12][29] ; Lost fanout        ;
; rpncalc:rpn|stack:dStack|regfile:stackregs|mem[12][30] ; Lost fanout        ;
; rpncalc:rpn|stack:dStack|regfile:stackregs|mem[12][31] ; Lost fanout        ;
; rpncalc:rpn|stack:dStack|regfile:stackregs|mem[13][16] ; Lost fanout        ;
; rpncalc:rpn|stack:dStack|regfile:stackregs|mem[13][17] ; Lost fanout        ;
; rpncalc:rpn|stack:dStack|regfile:stackregs|mem[13][18] ; Lost fanout        ;
; rpncalc:rpn|stack:dStack|regfile:stackregs|mem[13][19] ; Lost fanout        ;
; rpncalc:rpn|stack:dStack|regfile:stackregs|mem[13][20] ; Lost fanout        ;
; rpncalc:rpn|stack:dStack|regfile:stackregs|mem[13][21] ; Lost fanout        ;
; rpncalc:rpn|stack:dStack|regfile:stackregs|mem[13][22] ; Lost fanout        ;
; rpncalc:rpn|stack:dStack|regfile:stackregs|mem[13][23] ; Lost fanout        ;
; rpncalc:rpn|stack:dStack|regfile:stackregs|mem[13][24] ; Lost fanout        ;
; rpncalc:rpn|stack:dStack|regfile:stackregs|mem[13][25] ; Lost fanout        ;
; rpncalc:rpn|stack:dStack|regfile:stackregs|mem[13][26] ; Lost fanout        ;
; rpncalc:rpn|stack:dStack|regfile:stackregs|mem[13][27] ; Lost fanout        ;
; rpncalc:rpn|stack:dStack|regfile:stackregs|mem[13][28] ; Lost fanout        ;
; rpncalc:rpn|stack:dStack|regfile:stackregs|mem[13][29] ; Lost fanout        ;
; rpncalc:rpn|stack:dStack|regfile:stackregs|mem[13][30] ; Lost fanout        ;
; rpncalc:rpn|stack:dStack|regfile:stackregs|mem[13][31] ; Lost fanout        ;
; rpncalc:rpn|stack:dStack|regfile:stackregs|mem[14][16] ; Lost fanout        ;
; rpncalc:rpn|stack:dStack|regfile:stackregs|mem[14][17] ; Lost fanout        ;
; rpncalc:rpn|stack:dStack|regfile:stackregs|mem[14][18] ; Lost fanout        ;
; rpncalc:rpn|stack:dStack|regfile:stackregs|mem[14][19] ; Lost fanout        ;
; rpncalc:rpn|stack:dStack|regfile:stackregs|mem[14][20] ; Lost fanout        ;
; rpncalc:rpn|stack:dStack|regfile:stackregs|mem[14][21] ; Lost fanout        ;
; rpncalc:rpn|stack:dStack|regfile:stackregs|mem[14][22] ; Lost fanout        ;
; rpncalc:rpn|stack:dStack|regfile:stackregs|mem[14][23] ; Lost fanout        ;
; rpncalc:rpn|stack:dStack|regfile:stackregs|mem[14][24] ; Lost fanout        ;
; rpncalc:rpn|stack:dStack|regfile:stackregs|mem[14][25] ; Lost fanout        ;
; rpncalc:rpn|stack:dStack|regfile:stackregs|mem[14][26] ; Lost fanout        ;
; rpncalc:rpn|stack:dStack|regfile:stackregs|mem[14][27] ; Lost fanout        ;
; rpncalc:rpn|stack:dStack|regfile:stackregs|mem[14][28] ; Lost fanout        ;
; rpncalc:rpn|stack:dStack|regfile:stackregs|mem[14][29] ; Lost fanout        ;
; rpncalc:rpn|stack:dStack|regfile:stackregs|mem[14][30] ; Lost fanout        ;
; rpncalc:rpn|stack:dStack|regfile:stackregs|mem[14][31] ; Lost fanout        ;
; rpncalc:rpn|stack:dStack|regfile:stackregs|mem[15][16] ; Lost fanout        ;
; rpncalc:rpn|stack:dStack|regfile:stackregs|mem[15][17] ; Lost fanout        ;
; rpncalc:rpn|stack:dStack|regfile:stackregs|mem[15][18] ; Lost fanout        ;
; rpncalc:rpn|stack:dStack|regfile:stackregs|mem[15][19] ; Lost fanout        ;
; rpncalc:rpn|stack:dStack|regfile:stackregs|mem[15][20] ; Lost fanout        ;
; rpncalc:rpn|stack:dStack|regfile:stackregs|mem[15][21] ; Lost fanout        ;
; rpncalc:rpn|stack:dStack|regfile:stackregs|mem[15][22] ; Lost fanout        ;
; rpncalc:rpn|stack:dStack|regfile:stackregs|mem[15][23] ; Lost fanout        ;
; rpncalc:rpn|stack:dStack|regfile:stackregs|mem[15][24] ; Lost fanout        ;
; rpncalc:rpn|stack:dStack|regfile:stackregs|mem[15][25] ; Lost fanout        ;
; rpncalc:rpn|stack:dStack|regfile:stackregs|mem[15][26] ; Lost fanout        ;
; rpncalc:rpn|stack:dStack|regfile:stackregs|mem[15][27] ; Lost fanout        ;
; rpncalc:rpn|stack:dStack|regfile:stackregs|mem[15][28] ; Lost fanout        ;
; rpncalc:rpn|stack:dStack|regfile:stackregs|mem[15][29] ; Lost fanout        ;
; rpncalc:rpn|stack:dStack|regfile:stackregs|mem[15][30] ; Lost fanout        ;
; rpncalc:rpn|stack:dStack|regfile:stackregs|mem[15][31] ; Lost fanout        ;
; rpncalc:rpn|stack:dStack|regfile:stackregs|mem[16][16] ; Lost fanout        ;
; rpncalc:rpn|stack:dStack|regfile:stackregs|mem[16][17] ; Lost fanout        ;
; rpncalc:rpn|stack:dStack|regfile:stackregs|mem[16][18] ; Lost fanout        ;
; rpncalc:rpn|stack:dStack|regfile:stackregs|mem[16][19] ; Lost fanout        ;
; rpncalc:rpn|stack:dStack|regfile:stackregs|mem[16][20] ; Lost fanout        ;
; rpncalc:rpn|stack:dStack|regfile:stackregs|mem[16][21] ; Lost fanout        ;
; rpncalc:rpn|stack:dStack|regfile:stackregs|mem[16][22] ; Lost fanout        ;
; rpncalc:rpn|stack:dStack|regfile:stackregs|mem[16][23] ; Lost fanout        ;
; rpncalc:rpn|stack:dStack|regfile:stackregs|mem[16][24] ; Lost fanout        ;
; rpncalc:rpn|stack:dStack|regfile:stackregs|mem[16][25] ; Lost fanout        ;
; rpncalc:rpn|stack:dStack|regfile:stackregs|mem[16][26] ; Lost fanout        ;
; rpncalc:rpn|stack:dStack|regfile:stackregs|mem[16][27] ; Lost fanout        ;
; rpncalc:rpn|stack:dStack|regfile:stackregs|mem[16][28] ; Lost fanout        ;
; rpncalc:rpn|stack:dStack|regfile:stackregs|mem[16][29] ; Lost fanout        ;
; rpncalc:rpn|stack:dStack|regfile:stackregs|mem[16][30] ; Lost fanout        ;
; rpncalc:rpn|stack:dStack|regfile:stackregs|mem[16][31] ; Lost fanout        ;
; rpncalc:rpn|stack:dStack|regfile:stackregs|mem[17][16] ; Lost fanout        ;
; rpncalc:rpn|stack:dStack|regfile:stackregs|mem[17][17] ; Lost fanout        ;
; rpncalc:rpn|stack:dStack|regfile:stackregs|mem[17][18] ; Lost fanout        ;
; rpncalc:rpn|stack:dStack|regfile:stackregs|mem[17][19] ; Lost fanout        ;
; rpncalc:rpn|stack:dStack|regfile:stackregs|mem[17][20] ; Lost fanout        ;
; rpncalc:rpn|stack:dStack|regfile:stackregs|mem[17][21] ; Lost fanout        ;
; rpncalc:rpn|stack:dStack|regfile:stackregs|mem[17][22] ; Lost fanout        ;
; rpncalc:rpn|stack:dStack|regfile:stackregs|mem[17][23] ; Lost fanout        ;
; rpncalc:rpn|stack:dStack|regfile:stackregs|mem[17][24] ; Lost fanout        ;
; rpncalc:rpn|stack:dStack|regfile:stackregs|mem[17][25] ; Lost fanout        ;
; rpncalc:rpn|stack:dStack|regfile:stackregs|mem[17][26] ; Lost fanout        ;
; rpncalc:rpn|stack:dStack|regfile:stackregs|mem[17][27] ; Lost fanout        ;
; rpncalc:rpn|stack:dStack|regfile:stackregs|mem[17][28] ; Lost fanout        ;
; rpncalc:rpn|stack:dStack|regfile:stackregs|mem[17][29] ; Lost fanout        ;
; rpncalc:rpn|stack:dStack|regfile:stackregs|mem[17][30] ; Lost fanout        ;
; rpncalc:rpn|stack:dStack|regfile:stackregs|mem[17][31] ; Lost fanout        ;
; rpncalc:rpn|stack:dStack|regfile:stackregs|mem[18][16] ; Lost fanout        ;
; rpncalc:rpn|stack:dStack|regfile:stackregs|mem[18][17] ; Lost fanout        ;
; rpncalc:rpn|stack:dStack|regfile:stackregs|mem[18][18] ; Lost fanout        ;
; rpncalc:rpn|stack:dStack|regfile:stackregs|mem[18][19] ; Lost fanout        ;
; rpncalc:rpn|stack:dStack|regfile:stackregs|mem[18][20] ; Lost fanout        ;
; rpncalc:rpn|stack:dStack|regfile:stackregs|mem[18][21] ; Lost fanout        ;
; rpncalc:rpn|stack:dStack|regfile:stackregs|mem[18][22] ; Lost fanout        ;
; rpncalc:rpn|stack:dStack|regfile:stackregs|mem[18][23] ; Lost fanout        ;
; rpncalc:rpn|stack:dStack|regfile:stackregs|mem[18][24] ; Lost fanout        ;
; rpncalc:rpn|stack:dStack|regfile:stackregs|mem[18][25] ; Lost fanout        ;
; rpncalc:rpn|stack:dStack|regfile:stackregs|mem[18][26] ; Lost fanout        ;
; rpncalc:rpn|stack:dStack|regfile:stackregs|mem[18][27] ; Lost fanout        ;
; rpncalc:rpn|stack:dStack|regfile:stackregs|mem[18][28] ; Lost fanout        ;
; rpncalc:rpn|stack:dStack|regfile:stackregs|mem[18][29] ; Lost fanout        ;
; rpncalc:rpn|stack:dStack|regfile:stackregs|mem[18][30] ; Lost fanout        ;
; rpncalc:rpn|stack:dStack|regfile:stackregs|mem[18][31] ; Lost fanout        ;
; rpncalc:rpn|stack:dStack|regfile:stackregs|mem[19][16] ; Lost fanout        ;
; rpncalc:rpn|stack:dStack|regfile:stackregs|mem[19][17] ; Lost fanout        ;
; rpncalc:rpn|stack:dStack|regfile:stackregs|mem[19][18] ; Lost fanout        ;
; rpncalc:rpn|stack:dStack|regfile:stackregs|mem[19][19] ; Lost fanout        ;
; rpncalc:rpn|stack:dStack|regfile:stackregs|mem[19][20] ; Lost fanout        ;
; rpncalc:rpn|stack:dStack|regfile:stackregs|mem[19][21] ; Lost fanout        ;
; rpncalc:rpn|stack:dStack|regfile:stackregs|mem[19][22] ; Lost fanout        ;
; rpncalc:rpn|stack:dStack|regfile:stackregs|mem[19][23] ; Lost fanout        ;
; rpncalc:rpn|stack:dStack|regfile:stackregs|mem[19][24] ; Lost fanout        ;
; rpncalc:rpn|stack:dStack|regfile:stackregs|mem[19][25] ; Lost fanout        ;
; rpncalc:rpn|stack:dStack|regfile:stackregs|mem[19][26] ; Lost fanout        ;
; rpncalc:rpn|stack:dStack|regfile:stackregs|mem[19][27] ; Lost fanout        ;
; rpncalc:rpn|stack:dStack|regfile:stackregs|mem[19][28] ; Lost fanout        ;
; rpncalc:rpn|stack:dStack|regfile:stackregs|mem[19][29] ; Lost fanout        ;
; rpncalc:rpn|stack:dStack|regfile:stackregs|mem[19][30] ; Lost fanout        ;
; rpncalc:rpn|stack:dStack|regfile:stackregs|mem[19][31] ; Lost fanout        ;
; rpncalc:rpn|stack:dStack|regfile:stackregs|mem[20][16] ; Lost fanout        ;
; rpncalc:rpn|stack:dStack|regfile:stackregs|mem[20][17] ; Lost fanout        ;
; rpncalc:rpn|stack:dStack|regfile:stackregs|mem[20][18] ; Lost fanout        ;
; rpncalc:rpn|stack:dStack|regfile:stackregs|mem[20][19] ; Lost fanout        ;
; rpncalc:rpn|stack:dStack|regfile:stackregs|mem[20][20] ; Lost fanout        ;
; rpncalc:rpn|stack:dStack|regfile:stackregs|mem[20][21] ; Lost fanout        ;
; rpncalc:rpn|stack:dStack|regfile:stackregs|mem[20][22] ; Lost fanout        ;
; rpncalc:rpn|stack:dStack|regfile:stackregs|mem[20][23] ; Lost fanout        ;
; rpncalc:rpn|stack:dStack|regfile:stackregs|mem[20][24] ; Lost fanout        ;
; rpncalc:rpn|stack:dStack|regfile:stackregs|mem[20][25] ; Lost fanout        ;
; rpncalc:rpn|stack:dStack|regfile:stackregs|mem[20][26] ; Lost fanout        ;
; rpncalc:rpn|stack:dStack|regfile:stackregs|mem[20][27] ; Lost fanout        ;
; rpncalc:rpn|stack:dStack|regfile:stackregs|mem[20][28] ; Lost fanout        ;
; rpncalc:rpn|stack:dStack|regfile:stackregs|mem[20][29] ; Lost fanout        ;
; rpncalc:rpn|stack:dStack|regfile:stackregs|mem[20][30] ; Lost fanout        ;
; rpncalc:rpn|stack:dStack|regfile:stackregs|mem[20][31] ; Lost fanout        ;
; rpncalc:rpn|stack:dStack|regfile:stackregs|mem[21][16] ; Lost fanout        ;
; rpncalc:rpn|stack:dStack|regfile:stackregs|mem[21][17] ; Lost fanout        ;
; rpncalc:rpn|stack:dStack|regfile:stackregs|mem[21][18] ; Lost fanout        ;
; rpncalc:rpn|stack:dStack|regfile:stackregs|mem[21][19] ; Lost fanout        ;
; rpncalc:rpn|stack:dStack|regfile:stackregs|mem[21][20] ; Lost fanout        ;
; rpncalc:rpn|stack:dStack|regfile:stackregs|mem[21][21] ; Lost fanout        ;
; rpncalc:rpn|stack:dStack|regfile:stackregs|mem[21][22] ; Lost fanout        ;
; rpncalc:rpn|stack:dStack|regfile:stackregs|mem[21][23] ; Lost fanout        ;
; rpncalc:rpn|stack:dStack|regfile:stackregs|mem[21][24] ; Lost fanout        ;
; rpncalc:rpn|stack:dStack|regfile:stackregs|mem[21][25] ; Lost fanout        ;
; rpncalc:rpn|stack:dStack|regfile:stackregs|mem[21][26] ; Lost fanout        ;
; rpncalc:rpn|stack:dStack|regfile:stackregs|mem[21][27] ; Lost fanout        ;
; rpncalc:rpn|stack:dStack|regfile:stackregs|mem[21][28] ; Lost fanout        ;
; rpncalc:rpn|stack:dStack|regfile:stackregs|mem[21][29] ; Lost fanout        ;
; rpncalc:rpn|stack:dStack|regfile:stackregs|mem[21][30] ; Lost fanout        ;
; rpncalc:rpn|stack:dStack|regfile:stackregs|mem[21][31] ; Lost fanout        ;
; rpncalc:rpn|stack:dStack|regfile:stackregs|mem[22][16] ; Lost fanout        ;
; rpncalc:rpn|stack:dStack|regfile:stackregs|mem[22][17] ; Lost fanout        ;
; rpncalc:rpn|stack:dStack|regfile:stackregs|mem[22][18] ; Lost fanout        ;
; rpncalc:rpn|stack:dStack|regfile:stackregs|mem[22][19] ; Lost fanout        ;
; rpncalc:rpn|stack:dStack|regfile:stackregs|mem[22][20] ; Lost fanout        ;
; rpncalc:rpn|stack:dStack|regfile:stackregs|mem[22][21] ; Lost fanout        ;
; rpncalc:rpn|stack:dStack|regfile:stackregs|mem[22][22] ; Lost fanout        ;
; rpncalc:rpn|stack:dStack|regfile:stackregs|mem[22][23] ; Lost fanout        ;
; rpncalc:rpn|stack:dStack|regfile:stackregs|mem[22][24] ; Lost fanout        ;
; rpncalc:rpn|stack:dStack|regfile:stackregs|mem[22][25] ; Lost fanout        ;
; rpncalc:rpn|stack:dStack|regfile:stackregs|mem[22][26] ; Lost fanout        ;
; rpncalc:rpn|stack:dStack|regfile:stackregs|mem[22][27] ; Lost fanout        ;
; rpncalc:rpn|stack:dStack|regfile:stackregs|mem[22][28] ; Lost fanout        ;
; rpncalc:rpn|stack:dStack|regfile:stackregs|mem[22][29] ; Lost fanout        ;
; rpncalc:rpn|stack:dStack|regfile:stackregs|mem[22][30] ; Lost fanout        ;
; rpncalc:rpn|stack:dStack|regfile:stackregs|mem[22][31] ; Lost fanout        ;
; rpncalc:rpn|stack:dStack|regfile:stackregs|mem[23][16] ; Lost fanout        ;
; rpncalc:rpn|stack:dStack|regfile:stackregs|mem[23][17] ; Lost fanout        ;
; rpncalc:rpn|stack:dStack|regfile:stackregs|mem[23][18] ; Lost fanout        ;
; rpncalc:rpn|stack:dStack|regfile:stackregs|mem[23][19] ; Lost fanout        ;
; rpncalc:rpn|stack:dStack|regfile:stackregs|mem[23][20] ; Lost fanout        ;
; rpncalc:rpn|stack:dStack|regfile:stackregs|mem[23][21] ; Lost fanout        ;
; rpncalc:rpn|stack:dStack|regfile:stackregs|mem[23][22] ; Lost fanout        ;
; rpncalc:rpn|stack:dStack|regfile:stackregs|mem[23][23] ; Lost fanout        ;
; rpncalc:rpn|stack:dStack|regfile:stackregs|mem[23][24] ; Lost fanout        ;
; rpncalc:rpn|stack:dStack|regfile:stackregs|mem[23][25] ; Lost fanout        ;
; rpncalc:rpn|stack:dStack|regfile:stackregs|mem[23][26] ; Lost fanout        ;
; rpncalc:rpn|stack:dStack|regfile:stackregs|mem[23][27] ; Lost fanout        ;
; rpncalc:rpn|stack:dStack|regfile:stackregs|mem[23][28] ; Lost fanout        ;
; rpncalc:rpn|stack:dStack|regfile:stackregs|mem[23][29] ; Lost fanout        ;
; rpncalc:rpn|stack:dStack|regfile:stackregs|mem[23][30] ; Lost fanout        ;
; rpncalc:rpn|stack:dStack|regfile:stackregs|mem[23][31] ; Lost fanout        ;
; rpncalc:rpn|stack:dStack|regfile:stackregs|mem[24][16] ; Lost fanout        ;
; rpncalc:rpn|stack:dStack|regfile:stackregs|mem[24][17] ; Lost fanout        ;
; rpncalc:rpn|stack:dStack|regfile:stackregs|mem[24][18] ; Lost fanout        ;
; rpncalc:rpn|stack:dStack|regfile:stackregs|mem[24][19] ; Lost fanout        ;
; rpncalc:rpn|stack:dStack|regfile:stackregs|mem[24][20] ; Lost fanout        ;
; rpncalc:rpn|stack:dStack|regfile:stackregs|mem[24][21] ; Lost fanout        ;
; rpncalc:rpn|stack:dStack|regfile:stackregs|mem[24][22] ; Lost fanout        ;
; rpncalc:rpn|stack:dStack|regfile:stackregs|mem[24][23] ; Lost fanout        ;
; rpncalc:rpn|stack:dStack|regfile:stackregs|mem[24][24] ; Lost fanout        ;
; rpncalc:rpn|stack:dStack|regfile:stackregs|mem[24][25] ; Lost fanout        ;
; rpncalc:rpn|stack:dStack|regfile:stackregs|mem[24][26] ; Lost fanout        ;
; rpncalc:rpn|stack:dStack|regfile:stackregs|mem[24][27] ; Lost fanout        ;
; rpncalc:rpn|stack:dStack|regfile:stackregs|mem[24][28] ; Lost fanout        ;
; rpncalc:rpn|stack:dStack|regfile:stackregs|mem[24][29] ; Lost fanout        ;
; rpncalc:rpn|stack:dStack|regfile:stackregs|mem[24][30] ; Lost fanout        ;
; rpncalc:rpn|stack:dStack|regfile:stackregs|mem[24][31] ; Lost fanout        ;
; rpncalc:rpn|stack:dStack|regfile:stackregs|mem[25][16] ; Lost fanout        ;
; rpncalc:rpn|stack:dStack|regfile:stackregs|mem[25][17] ; Lost fanout        ;
; rpncalc:rpn|stack:dStack|regfile:stackregs|mem[25][18] ; Lost fanout        ;
; rpncalc:rpn|stack:dStack|regfile:stackregs|mem[25][19] ; Lost fanout        ;
; rpncalc:rpn|stack:dStack|regfile:stackregs|mem[25][20] ; Lost fanout        ;
; rpncalc:rpn|stack:dStack|regfile:stackregs|mem[25][21] ; Lost fanout        ;
; rpncalc:rpn|stack:dStack|regfile:stackregs|mem[25][22] ; Lost fanout        ;
; rpncalc:rpn|stack:dStack|regfile:stackregs|mem[25][23] ; Lost fanout        ;
; rpncalc:rpn|stack:dStack|regfile:stackregs|mem[25][24] ; Lost fanout        ;
; rpncalc:rpn|stack:dStack|regfile:stackregs|mem[25][25] ; Lost fanout        ;
; rpncalc:rpn|stack:dStack|regfile:stackregs|mem[25][26] ; Lost fanout        ;
; rpncalc:rpn|stack:dStack|regfile:stackregs|mem[25][27] ; Lost fanout        ;
; rpncalc:rpn|stack:dStack|regfile:stackregs|mem[25][28] ; Lost fanout        ;
; rpncalc:rpn|stack:dStack|regfile:stackregs|mem[25][29] ; Lost fanout        ;
; rpncalc:rpn|stack:dStack|regfile:stackregs|mem[25][30] ; Lost fanout        ;
; rpncalc:rpn|stack:dStack|regfile:stackregs|mem[25][31] ; Lost fanout        ;
; rpncalc:rpn|stack:dStack|regfile:stackregs|mem[26][16] ; Lost fanout        ;
; rpncalc:rpn|stack:dStack|regfile:stackregs|mem[26][17] ; Lost fanout        ;
; rpncalc:rpn|stack:dStack|regfile:stackregs|mem[26][18] ; Lost fanout        ;
; rpncalc:rpn|stack:dStack|regfile:stackregs|mem[26][19] ; Lost fanout        ;
; rpncalc:rpn|stack:dStack|regfile:stackregs|mem[26][20] ; Lost fanout        ;
; rpncalc:rpn|stack:dStack|regfile:stackregs|mem[26][21] ; Lost fanout        ;
; rpncalc:rpn|stack:dStack|regfile:stackregs|mem[26][22] ; Lost fanout        ;
; rpncalc:rpn|stack:dStack|regfile:stackregs|mem[26][23] ; Lost fanout        ;
; rpncalc:rpn|stack:dStack|regfile:stackregs|mem[26][24] ; Lost fanout        ;
; rpncalc:rpn|stack:dStack|regfile:stackregs|mem[26][25] ; Lost fanout        ;
; rpncalc:rpn|stack:dStack|regfile:stackregs|mem[26][26] ; Lost fanout        ;
; rpncalc:rpn|stack:dStack|regfile:stackregs|mem[26][27] ; Lost fanout        ;
; rpncalc:rpn|stack:dStack|regfile:stackregs|mem[26][28] ; Lost fanout        ;
; rpncalc:rpn|stack:dStack|regfile:stackregs|mem[26][29] ; Lost fanout        ;
; rpncalc:rpn|stack:dStack|regfile:stackregs|mem[26][30] ; Lost fanout        ;
; rpncalc:rpn|stack:dStack|regfile:stackregs|mem[26][31] ; Lost fanout        ;
; rpncalc:rpn|stack:dStack|regfile:stackregs|mem[27][16] ; Lost fanout        ;
; rpncalc:rpn|stack:dStack|regfile:stackregs|mem[27][17] ; Lost fanout        ;
; rpncalc:rpn|stack:dStack|regfile:stackregs|mem[27][18] ; Lost fanout        ;
; rpncalc:rpn|stack:dStack|regfile:stackregs|mem[27][19] ; Lost fanout        ;
; rpncalc:rpn|stack:dStack|regfile:stackregs|mem[27][20] ; Lost fanout        ;
; rpncalc:rpn|stack:dStack|regfile:stackregs|mem[27][21] ; Lost fanout        ;
; rpncalc:rpn|stack:dStack|regfile:stackregs|mem[27][22] ; Lost fanout        ;
; rpncalc:rpn|stack:dStack|regfile:stackregs|mem[27][23] ; Lost fanout        ;
; rpncalc:rpn|stack:dStack|regfile:stackregs|mem[27][24] ; Lost fanout        ;
; rpncalc:rpn|stack:dStack|regfile:stackregs|mem[27][25] ; Lost fanout        ;
; rpncalc:rpn|stack:dStack|regfile:stackregs|mem[27][26] ; Lost fanout        ;
; rpncalc:rpn|stack:dStack|regfile:stackregs|mem[27][27] ; Lost fanout        ;
; rpncalc:rpn|stack:dStack|regfile:stackregs|mem[27][28] ; Lost fanout        ;
; rpncalc:rpn|stack:dStack|regfile:stackregs|mem[27][29] ; Lost fanout        ;
; rpncalc:rpn|stack:dStack|regfile:stackregs|mem[27][30] ; Lost fanout        ;
; rpncalc:rpn|stack:dStack|regfile:stackregs|mem[27][31] ; Lost fanout        ;
; rpncalc:rpn|stack:dStack|regfile:stackregs|mem[28][16] ; Lost fanout        ;
; rpncalc:rpn|stack:dStack|regfile:stackregs|mem[28][17] ; Lost fanout        ;
; rpncalc:rpn|stack:dStack|regfile:stackregs|mem[28][18] ; Lost fanout        ;
; rpncalc:rpn|stack:dStack|regfile:stackregs|mem[28][19] ; Lost fanout        ;
; rpncalc:rpn|stack:dStack|regfile:stackregs|mem[28][20] ; Lost fanout        ;
; rpncalc:rpn|stack:dStack|regfile:stackregs|mem[28][21] ; Lost fanout        ;
; rpncalc:rpn|stack:dStack|regfile:stackregs|mem[28][22] ; Lost fanout        ;
; rpncalc:rpn|stack:dStack|regfile:stackregs|mem[28][23] ; Lost fanout        ;
; rpncalc:rpn|stack:dStack|regfile:stackregs|mem[28][24] ; Lost fanout        ;
; rpncalc:rpn|stack:dStack|regfile:stackregs|mem[28][25] ; Lost fanout        ;
; rpncalc:rpn|stack:dStack|regfile:stackregs|mem[28][26] ; Lost fanout        ;
; rpncalc:rpn|stack:dStack|regfile:stackregs|mem[28][27] ; Lost fanout        ;
; rpncalc:rpn|stack:dStack|regfile:stackregs|mem[28][28] ; Lost fanout        ;
; rpncalc:rpn|stack:dStack|regfile:stackregs|mem[28][29] ; Lost fanout        ;
; rpncalc:rpn|stack:dStack|regfile:stackregs|mem[28][30] ; Lost fanout        ;
; rpncalc:rpn|stack:dStack|regfile:stackregs|mem[28][31] ; Lost fanout        ;
; rpncalc:rpn|stack:dStack|regfile:stackregs|mem[29][16] ; Lost fanout        ;
; rpncalc:rpn|stack:dStack|regfile:stackregs|mem[29][17] ; Lost fanout        ;
; rpncalc:rpn|stack:dStack|regfile:stackregs|mem[29][18] ; Lost fanout        ;
; rpncalc:rpn|stack:dStack|regfile:stackregs|mem[29][19] ; Lost fanout        ;
; rpncalc:rpn|stack:dStack|regfile:stackregs|mem[29][20] ; Lost fanout        ;
; rpncalc:rpn|stack:dStack|regfile:stackregs|mem[29][21] ; Lost fanout        ;
; rpncalc:rpn|stack:dStack|regfile:stackregs|mem[29][22] ; Lost fanout        ;
; rpncalc:rpn|stack:dStack|regfile:stackregs|mem[29][23] ; Lost fanout        ;
; rpncalc:rpn|stack:dStack|regfile:stackregs|mem[29][24] ; Lost fanout        ;
; rpncalc:rpn|stack:dStack|regfile:stackregs|mem[29][25] ; Lost fanout        ;
; rpncalc:rpn|stack:dStack|regfile:stackregs|mem[29][26] ; Lost fanout        ;
; rpncalc:rpn|stack:dStack|regfile:stackregs|mem[29][27] ; Lost fanout        ;
; rpncalc:rpn|stack:dStack|regfile:stackregs|mem[29][28] ; Lost fanout        ;
; rpncalc:rpn|stack:dStack|regfile:stackregs|mem[29][29] ; Lost fanout        ;
; rpncalc:rpn|stack:dStack|regfile:stackregs|mem[29][30] ; Lost fanout        ;
; rpncalc:rpn|stack:dStack|regfile:stackregs|mem[29][31] ; Lost fanout        ;
; rpncalc:rpn|stack:dStack|regfile:stackregs|mem[30][16] ; Lost fanout        ;
; rpncalc:rpn|stack:dStack|regfile:stackregs|mem[30][17] ; Lost fanout        ;
; rpncalc:rpn|stack:dStack|regfile:stackregs|mem[30][18] ; Lost fanout        ;
; rpncalc:rpn|stack:dStack|regfile:stackregs|mem[30][19] ; Lost fanout        ;
; rpncalc:rpn|stack:dStack|regfile:stackregs|mem[30][20] ; Lost fanout        ;
; rpncalc:rpn|stack:dStack|regfile:stackregs|mem[30][21] ; Lost fanout        ;
; rpncalc:rpn|stack:dStack|regfile:stackregs|mem[30][22] ; Lost fanout        ;
; rpncalc:rpn|stack:dStack|regfile:stackregs|mem[30][23] ; Lost fanout        ;
; rpncalc:rpn|stack:dStack|regfile:stackregs|mem[30][24] ; Lost fanout        ;
; rpncalc:rpn|stack:dStack|regfile:stackregs|mem[30][25] ; Lost fanout        ;
; rpncalc:rpn|stack:dStack|regfile:stackregs|mem[30][26] ; Lost fanout        ;
; rpncalc:rpn|stack:dStack|regfile:stackregs|mem[30][27] ; Lost fanout        ;
; rpncalc:rpn|stack:dStack|regfile:stackregs|mem[30][28] ; Lost fanout        ;
; rpncalc:rpn|stack:dStack|regfile:stackregs|mem[30][29] ; Lost fanout        ;
; rpncalc:rpn|stack:dStack|regfile:stackregs|mem[30][30] ; Lost fanout        ;
; rpncalc:rpn|stack:dStack|regfile:stackregs|mem[30][31] ; Lost fanout        ;
; rpncalc:rpn|stack:dStack|regfile:stackregs|mem[31][16] ; Lost fanout        ;
; rpncalc:rpn|stack:dStack|regfile:stackregs|mem[31][17] ; Lost fanout        ;
; rpncalc:rpn|stack:dStack|regfile:stackregs|mem[31][18] ; Lost fanout        ;
; rpncalc:rpn|stack:dStack|regfile:stackregs|mem[31][19] ; Lost fanout        ;
; rpncalc:rpn|stack:dStack|regfile:stackregs|mem[31][20] ; Lost fanout        ;
; rpncalc:rpn|stack:dStack|regfile:stackregs|mem[31][21] ; Lost fanout        ;
; rpncalc:rpn|stack:dStack|regfile:stackregs|mem[31][22] ; Lost fanout        ;
; rpncalc:rpn|stack:dStack|regfile:stackregs|mem[31][23] ; Lost fanout        ;
; rpncalc:rpn|stack:dStack|regfile:stackregs|mem[31][24] ; Lost fanout        ;
; rpncalc:rpn|stack:dStack|regfile:stackregs|mem[31][25] ; Lost fanout        ;
; rpncalc:rpn|stack:dStack|regfile:stackregs|mem[31][26] ; Lost fanout        ;
; rpncalc:rpn|stack:dStack|regfile:stackregs|mem[31][27] ; Lost fanout        ;
; rpncalc:rpn|stack:dStack|regfile:stackregs|mem[31][28] ; Lost fanout        ;
; rpncalc:rpn|stack:dStack|regfile:stackregs|mem[31][29] ; Lost fanout        ;
; rpncalc:rpn|stack:dStack|regfile:stackregs|mem[31][30] ; Lost fanout        ;
; rpncalc:rpn|stack:dStack|regfile:stackregs|mem[31][31] ; Lost fanout        ;
; Total Number of Removed Registers = 512                ;                    ;
+--------------------------------------------------------+--------------------+


+------------------------------------------------------+
; General Register Statistics                          ;
+----------------------------------------------+-------+
; Statistic                                    ; Value ;
+----------------------------------------------+-------+
; Total registers                              ; 517   ;
; Number of registers using Synchronous Clear  ; 0     ;
; Number of registers using Synchronous Load   ; 0     ;
; Number of registers using Asynchronous Clear ; 5     ;
; Number of registers using Asynchronous Load  ; 0     ;
; Number of registers using Clock Enable       ; 517   ;
; Number of registers using Preset             ; 0     ;
+----------------------------------------------+-------+


+--------------------------------------------------+
; Inverted Register Statistics                     ;
+----------------------------------------+---------+
; Inverted Register                      ; Fan out ;
+----------------------------------------+---------+
; rpncalc:rpn|stack:dStack|stack_ptr[0]  ; 170     ;
; Total number of inverted registers = 1 ;         ;
+----------------------------------------+---------+


+---------------------------------------------------------------------------------------------------------------------------------------------------------------------------------------------+
; Multiplexer Restructuring Statistics (Restructuring Performed)                                                                                                                              ;
+--------------------+-----------+---------------+----------------------+------------------------+------------+-------------------------------------------------------------------------------+
; Multiplexer Inputs ; Bus Width ; Baseline Area ; Area if Restructured ; Saving if Restructured ; Registered ; Example Multiplexer Output                                                    ;
+--------------------+-----------+---------------+----------------------+------------------------+------------+-------------------------------------------------------------------------------+
; 34:1               ; 16 bits   ; 352 LEs       ; 352 LEs              ; 0 LEs                  ; No         ; |CSCE611_lab_regfile|rpncalc:rpn|stack:dStack|regfile:stackregs|readdata2[11] ;
; 35:1               ; 16 bits   ; 368 LEs       ; 352 LEs              ; 16 LEs                 ; No         ; |CSCE611_lab_regfile|rpncalc:rpn|stack:dStack|regfile:stackregs|readdata1[1]  ;
+--------------------+-----------+---------------+----------------------+------------------------+------------+-------------------------------------------------------------------------------+


+----------------------------------------------------------------------------------------------------------------+
; Port Connectivity Checks: "rpncalc:rpn|alu:ordenador"                                                          ;
+------+--------+----------+-------------------------------------------------------------------------------------+
; Port ; Type   ; Severity ; Details                                                                             ;
+------+--------+----------+-------------------------------------------------------------------------------------+
; hi   ; Output ; Info     ; Connected to dangling logic. Logic that only feeds a dangling port will be removed. ;
; zero ; Output ; Info     ; Connected to dangling logic. Logic that only feeds a dangling port will be removed. ;
+------+--------+----------+-------------------------------------------------------------------------------------+


+------------------------------------------------------------------------------------------------------------------------------------------------------------------------+
; Port Connectivity Checks: "rpncalc:rpn|stack:dStack|regfile:stackregs"                                                                                                 ;
+------+-------+----------+----------------------------------------------------------------------------------------------------------------------------------------------+
; Port ; Type  ; Severity ; Details                                                                                                                                      ;
+------+-------+----------+----------------------------------------------------------------------------------------------------------------------------------------------+
; rst  ; Input ; Warning  ; Declared by entity but not connected by instance. If a default value exists, it will be used.  Otherwise, the port will be connected to GND. ;
+------+-------+----------+----------------------------------------------------------------------------------------------------------------------------------------------+


+-----------------------------------------------------------------------------------------------------------------+
; Port Connectivity Checks: "rpncalc:rpn|stack:dStack"                                                            ;
+-------+--------+----------+-------------------------------------------------------------------------------------+
; Port  ; Type   ; Severity ; Details                                                                             ;
+-------+--------+----------+-------------------------------------------------------------------------------------+
; full  ; Output ; Info     ; Connected to dangling logic. Logic that only feeds a dangling port will be removed. ;
; empty ; Output ; Info     ; Connected to dangling logic. Logic that only feeds a dangling port will be removed. ;
+-------+--------+----------+-------------------------------------------------------------------------------------+


+-----------------------------------------------------+
; Post-Synthesis Netlist Statistics for Top Partition ;
+-----------------------+-----------------------------+
; Type                  ; Count                       ;
+-----------------------+-----------------------------+
; boundary_port         ; 108                         ;
; cycloneiii_ff         ; 517                         ;
;     ENA               ; 512                         ;
;     ENA CLR           ; 5                           ;
; cycloneiii_lcell_comb ; 821                         ;
;     arith             ; 3                           ;
;         2 data inputs ; 2                           ;
;         3 data inputs ; 1                           ;
;     normal            ; 818                         ;
;         0 data inputs ; 1                           ;
;         1 data inputs ; 11                          ;
;         3 data inputs ; 37                          ;
;         4 data inputs ; 769                         ;
;                       ;                             ;
; Max LUT depth         ; 9.00                        ;
; Average LUT depth     ; 6.88                        ;
+-----------------------+-----------------------------+


+-------------------------------+
; Elapsed Time Per Partition    ;
+----------------+--------------+
; Partition Name ; Elapsed Time ;
+----------------+--------------+
; Top            ; 00:00:02     ;
+----------------+--------------+


+-------------------------------+
; Analysis & Synthesis Messages ;
+-------------------------------+
Info: *******************************************************************
Info: Running Quartus Prime Analysis & Synthesis
    Info: Version 18.1.0 Build 625 09/12/2018 SJ Standard Edition
    Info: Processing started: Tue Oct 22 16:26:55 2019
Info: Command: quartus_map --read_settings_files=on --write_settings_files=off CSCE611_lab_regfile -c CSCE611_lab_regfile
Warning (18236): Number of processors has not been specified which may cause overloading on shared machines.  Set the global assignment NUM_PARALLEL_PROCESSORS in your QSF to an appropriate value for best performance.
Info (20030): Parallel compilation is enabled and will use 4 of the 4 processors detected
Info (12021): Found 1 design units, including 1 entities, in source file cnt6.sv
    Info (12023): Found entity 1: cnt6 File: /acct/mandapam/csce611/lab_regfile/cnt6.sv Line: 1
Info (12021): Found 1 design units, including 1 entities, in source file stack.sv
    Info (12023): Found entity 1: stack File: /acct/mandapam/csce611/lab_regfile/stack.sv Line: 1
Info (12021): Found 1 design units, including 1 entities, in source file alu.sv
    Info (12023): Found entity 1: alu File: /acct/mandapam/csce611/lab_regfile/alu.sv Line: 1
Info (12021): Found 1 design units, including 1 entities, in source file hexdriver.sv
    Info (12023): Found entity 1: hexdriver File: /acct/mandapam/csce611/lab_regfile/hexdriver.sv Line: 1
Info (12021): Found 1 design units, including 1 entities, in source file CSCE611_lab_regfile.sv
    Info (12023): Found entity 1: CSCE611_lab_regfile File: /acct/mandapam/csce611/lab_regfile/CSCE611_lab_regfile.sv Line: 6
Info (12021): Found 1 design units, including 1 entities, in source file regfile.sv
    Info (12023): Found entity 1: regfile File: /acct/mandapam/csce611/lab_regfile/regfile.sv Line: 3
Info (12021): Found 1 design units, including 1 entities, in source file rpncalc.sv
    Info (12023): Found entity 1: rpncalc File: /acct/mandapam/csce611/lab_regfile/rpncalc.sv Line: 3
Info (12127): Elaborating entity "CSCE611_lab_regfile" for the top level hierarchy
Warning (10034): Output port "LEDR" at CSCE611_lab_regfile.sv(15) has no driver File: /acct/mandapam/csce611/lab_regfile/CSCE611_lab_regfile.sv Line: 15
Info (12128): Elaborating entity "rpncalc" for hierarchy "rpncalc:rpn" File: /acct/mandapam/csce611/lab_regfile/CSCE611_lab_regfile.sv Line: 51
Info (12128): Elaborating entity "stack" for hierarchy "rpncalc:rpn|stack:dStack" File: /acct/mandapam/csce611/lab_regfile/rpncalc.sv Line: 47
Info (12128): Elaborating entity "regfile" for hierarchy "rpncalc:rpn|stack:dStack|regfile:stackregs" File: /acct/mandapam/csce611/lab_regfile/stack.sv Line: 11
Info (12128): Elaborating entity "alu" for hierarchy "rpncalc:rpn|alu:ordenador" File: /acct/mandapam/csce611/lab_regfile/rpncalc.sv Line: 55
Warning (10935): Verilog HDL Casex/Casez warning at alu.sv(40): casex/casez item expression overlaps with a previous casex/casez item expression File: /acct/mandapam/csce611/lab_regfile/alu.sv Line: 40
Info (12128): Elaborating entity "hexdriver" for hierarchy "hexdriver:hex0" File: /acct/mandapam/csce611/lab_regfile/CSCE611_lab_regfile.sv Line: 52
Warning (12241): 1 hierarchies have connectivity warnings - see the Connectivity Checks report folder
Info (13000): Registers with preset signals will power-up high File: /acct/mandapam/csce611/lab_regfile/stack.sv Line: 14
Info (13003): DEV_CLRn pin will set, and not reset, register with preset signal due to NOT Gate Push-Back
Warning (13024): Output pins are stuck at VCC or GND
    Warning (13410): Pin "LEDG[5]" is stuck at GND File: /acct/mandapam/csce611/lab_regfile/CSCE611_lab_regfile.sv Line: 14
    Warning (13410): Pin "LEDG[6]" is stuck at GND File: /acct/mandapam/csce611/lab_regfile/CSCE611_lab_regfile.sv Line: 14
    Warning (13410): Pin "LEDG[7]" is stuck at GND File: /acct/mandapam/csce611/lab_regfile/CSCE611_lab_regfile.sv Line: 14
    Warning (13410): Pin "LEDG[8]" is stuck at GND File: /acct/mandapam/csce611/lab_regfile/CSCE611_lab_regfile.sv Line: 14
    Warning (13410): Pin "LEDR[0]" is stuck at GND File: /acct/mandapam/csce611/lab_regfile/CSCE611_lab_regfile.sv Line: 15
    Warning (13410): Pin "LEDR[1]" is stuck at GND File: /acct/mandapam/csce611/lab_regfile/CSCE611_lab_regfile.sv Line: 15
    Warning (13410): Pin "LEDR[2]" is stuck at GND File: /acct/mandapam/csce611/lab_regfile/CSCE611_lab_regfile.sv Line: 15
    Warning (13410): Pin "LEDR[3]" is stuck at GND File: /acct/mandapam/csce611/lab_regfile/CSCE611_lab_regfile.sv Line: 15
    Warning (13410): Pin "LEDR[4]" is stuck at GND File: /acct/mandapam/csce611/lab_regfile/CSCE611_lab_regfile.sv Line: 15
    Warning (13410): Pin "LEDR[5]" is stuck at GND File: /acct/mandapam/csce611/lab_regfile/CSCE611_lab_regfile.sv Line: 15
    Warning (13410): Pin "LEDR[6]" is stuck at GND File: /acct/mandapam/csce611/lab_regfile/CSCE611_lab_regfile.sv Line: 15
    Warning (13410): Pin "LEDR[7]" is stuck at GND File: /acct/mandapam/csce611/lab_regfile/CSCE611_lab_regfile.sv Line: 15
    Warning (13410): Pin "LEDR[8]" is stuck at GND File: /acct/mandapam/csce611/lab_regfile/CSCE611_lab_regfile.sv Line: 15
    Warning (13410): Pin "LEDR[9]" is stuck at GND File: /acct/mandapam/csce611/lab_regfile/CSCE611_lab_regfile.sv Line: 15
    Warning (13410): Pin "LEDR[10]" is stuck at GND File: /acct/mandapam/csce611/lab_regfile/CSCE611_lab_regfile.sv Line: 15
    Warning (13410): Pin "LEDR[11]" is stuck at GND File: /acct/mandapam/csce611/lab_regfile/CSCE611_lab_regfile.sv Line: 15
    Warning (13410): Pin "LEDR[12]" is stuck at GND File: /acct/mandapam/csce611/lab_regfile/CSCE611_lab_regfile.sv Line: 15
    Warning (13410): Pin "LEDR[13]" is stuck at GND File: /acct/mandapam/csce611/lab_regfile/CSCE611_lab_regfile.sv Line: 15
    Warning (13410): Pin "LEDR[14]" is stuck at GND File: /acct/mandapam/csce611/lab_regfile/CSCE611_lab_regfile.sv Line: 15
    Warning (13410): Pin "LEDR[15]" is stuck at GND File: /acct/mandapam/csce611/lab_regfile/CSCE611_lab_regfile.sv Line: 15
    Warning (13410): Pin "LEDR[16]" is stuck at GND File: /acct/mandapam/csce611/lab_regfile/CSCE611_lab_regfile.sv Line: 15
    Warning (13410): Pin "LEDR[17]" is stuck at GND File: /acct/mandapam/csce611/lab_regfile/CSCE611_lab_regfile.sv Line: 15
Info (286030): Timing-Driven Synthesis is running
Info (17049): 512 registers lost all their fanouts during netlist optimizations.
Info (144001): Generated suppressed messages file /acct/mandapam/csce611/lab_regfile/CSCE611_lab_regfile.map.smsg
Info (16010): Generating hard_block partition "hard_block:auto_generated_inst"
    Info (16011): Adding 0 node(s), including 0 DDIO, 0 PLL, 0 transceiver and 0 LCELL
Warning (21074): Design contains 2 input pin(s) that do not drive logic
    Warning (15610): No output dependent on input pin "CLOCK2_50" File: /acct/mandapam/csce611/lab_regfile/CSCE611_lab_regfile.sv Line: 10
    Warning (15610): No output dependent on input pin "CLOCK3_50" File: /acct/mandapam/csce611/lab_regfile/CSCE611_lab_regfile.sv Line: 11
Info (21057): Implemented 1432 device resources after synthesis - the final resource count might be different
    Info (21058): Implemented 25 input pins
    Info (21059): Implemented 83 output pins
    Info (21061): Implemented 1324 logic cells
Info: Quartus Prime Analysis & Synthesis was successful. 0 errors, 30 warnings
    Info: Peak virtual memory: 1024 megabytes
    Info: Processing ended: Tue Oct 22 16:27:10 2019
    Info: Elapsed time: 00:00:15
    Info: Total CPU time (on all processors): 00:00:23


+------------------------------------------+
; Analysis & Synthesis Suppressed Messages ;
+------------------------------------------+
The suppressed messages can be found in /acct/mandapam/csce611/lab_regfile/CSCE611_lab_regfile.map.smsg.


